// Jest Snapshot v1, https://goo.gl/fbAQLP

exports[`App.vue renders app 1`] = `
<div id="app">
  <thenavbar-stub></thenavbar-stub>
  <b-container-stub tag="div" fluid="true" class="d-flex flex-column flex-fill mt-3">
    <router-view-stub></router-view-stub>
  </b-container-stub>
</div>
`;
